// Jest Snapshot v1, https://goo.gl/fbAQLP

exports[`renders correctly 1`] = `
<Profile-update
  user={
    Object {
      "name": "mock_name",
      "photoUrl": "https//mock_email",
    }
  }
/>
`;
